2026-06-20T11:39:04.799-04:00  INFO 34589 --- [seguro] [main] duoc.seguro.SeguroApplication            : Starting SeguroApplication using Java 21.0.1 with PID 34589 (/Users/moka/Documents/GitHub/Prueba2FullStack1/seguro/target/classes started by moka in /Users/moka/Documents/GitHub/Prueba2FullStack1/seguro)
2026-06-20T11:39:04.801-04:00  INFO 34589 --- [seguro] [main] duoc.seguro.SeguroApplication            : No active profile set, falling back to 1 default profile: "default"
2026-06-20T11:39:05.352-04:00  INFO 34589 --- [seguro] [main] .s.d.r.c.RepositoryConfigurationDelegate : Bootstrapping Spring Data JPA repositories in DEFAULT mode.
2026-06-20T11:39:05.420-04:00  INFO 34589 --- [seguro] [main] .s.d.r.c.RepositoryConfigurationDelegate : Finished Spring Data repository scanning in 63 ms. Found 1 JPA repository interface.
2026-06-20T11:39:05.598-04:00  INFO 34589 --- [seguro] [main] o.s.cloud.context.scope.GenericScope     : BeanFactory id=19788606-218a-3822-aef8-1b9d02b55be1
2026-06-20T11:39:05.730-04:00  INFO 34589 --- [seguro] [main] o.s.boot.tomcat.TomcatWebServer          : Tomcat initialized with port 8090 (http)
2026-06-20T11:39:05.735-04:00  INFO 34589 --- [seguro] [main] o.apache.catalina.core.StandardService   : Starting service [Tomcat]
2026-06-20T11:39:05.735-04:00  INFO 34589 --- [seguro] [main] o.apache.catalina.core.StandardEngine    : Starting Servlet engine: [Apache Tomcat/11.0.21]
2026-06-20T11:39:05.754-04:00  INFO 34589 --- [seguro] [main] b.w.c.s.WebApplicationContextInitializer : Root WebApplicationContext: initialization completed in 929 ms
2026-06-20T11:39:05.877-04:00  INFO 34589 --- [seguro] [main] org.hibernate.orm.jpa                    : HHH008540: Processing PersistenceUnitInfo [name: default]
2026-06-20T11:39:05.898-04:00  INFO 34589 --- [seguro] [main] org.hibernate.orm.core                   : HHH000001: Hibernate ORM core version 7.2.12.Final
2026-06-20T11:39:06.050-04:00  INFO 34589 --- [seguro] [main] o.s.o.j.p.SpringPersistenceUnitInfo      : No LoadTimeWeaver setup: ignoring JPA class transformer
2026-06-20T11:39:06.065-04:00  INFO 34589 --- [seguro] [main] com.zaxxer.hikari.HikariDataSource       : HikariPool-1 - Starting...
2026-06-20T11:39:06.145-04:00  INFO 34589 --- [seguro] [main] com.zaxxer.hikari.pool.HikariPool        : HikariPool-1 - Added connection conn0: url=jdbc:h2:mem:db_seguro user=SA
2026-06-20T11:39:06.146-04:00  INFO 34589 --- [seguro] [main] com.zaxxer.hikari.HikariDataSource       : HikariPool-1 - Start completed.
2026-06-20T11:39:06.157-04:00  WARN 34589 --- [seguro] [main] org.hibernate.orm.deprecation            : HHH90000025: H2Dialect does not need to be specified explicitly using 'hibernate.dialect' (remove the property setting and it will be selected by default)
2026-06-20T11:39:06.164-04:00  INFO 34589 --- [seguro] [main] org.hibernate.orm.connections.pooling    : HHH10001005: Database info:
	Database JDBC URL [jdbc:h2:mem:db_seguro]
	Database driver: H2 JDBC Driver
	Database dialect: H2Dialect
	Database version: 2.4.240
	Default catalog/schema: DB_SEGURO/PUBLIC
	Autocommit mode: undefined/unknown
	Isolation level: READ_COMMITTED [default READ_COMMITTED]
	JDBC fetch size: 100
	Pool: DataSourceConnectionProvider
	Minimum pool size: undefined/unknown
	Maximum pool size: undefined/unknown
2026-06-20T11:39:06.471-04:00  INFO 34589 --- [seguro] [main] org.hibernate.orm.core                   : HHH000489: No JTA platform available (set 'hibernate.transaction.jta.platform' to enable JTA platform integration)
2026-06-20T11:39:06.483-04:00  INFO 34589 --- [seguro] [main] j.LocalContainerEntityManagerFactoryBean : Initialized JPA EntityManagerFactory for persistence unit 'default'
2026-06-20T11:39:06.514-04:00  INFO 34589 --- [seguro] [main] o.s.d.j.r.query.QueryEnhancerFactories   : Hibernate is in classpath; If applicable, HQL parser will be used.
2026-06-20T11:39:06.638-04:00  WARN 34589 --- [seguro] [main] JpaBaseConfiguration$JpaWebConfiguration : spring.jpa.open-in-view is enabled by default. Therefore, database queries may be performed during view rendering. Explicitly configure spring.jpa.open-in-view to disable this warning
2026-06-20T11:39:06.876-04:00  INFO 34589 --- [seguro] [main] o.s.b.h.a.H2ConsoleAutoConfiguration     : H2 console available at '/h2-console'. Database available at 'jdbc:h2:mem:db_seguro'
2026-06-20T11:39:06.915-04:00  WARN 34589 --- [seguro] [main] .s.a.UserDetailsServiceAutoConfiguration : 

Using generated security password: d6e43950-3061-4322-9d53-4a202bf90a5d

This generated password is for development use only. Your security configuration must be updated before running your application in production.

2026-06-20T11:39:06.925-04:00  INFO 34589 --- [seguro] [main] r$InitializeUserDetailsManagerConfigurer : Global AuthenticationManager configured with UserDetailsService bean with name inMemoryUserDetailsManager
2026-06-20T11:39:07.003-04:00  INFO 34589 --- [seguro] [main] o.s.b.a.e.web.EndpointLinksResolver      : Exposing 1 endpoint beneath base path '/actuator'
2026-06-20T11:39:07.029-04:00  INFO 34589 --- [seguro] [main] DiscoveryClientOptionalArgsConfiguration : Eureka HTTP Client uses RestClient.
2026-06-20T11:39:07.042-04:00  WARN 34589 --- [seguro] [main] iguration$LoadBalancerCaffeineWarnLogger : Spring Cloud LoadBalancer is currently working with the default cache. While this cache implementation is useful for development and tests, it's recommended to use Caffeine cache in production.You can switch to using Caffeine cache, by adding it and org.springframework.cache.caffeine.CaffeineCacheManager to the classpath.
2026-06-20T11:39:07.077-04:00  INFO 34589 --- [seguro] [main] o.s.c.n.eureka.InstanceInfoFactory       : Setting initial instance status as: STARTING
2026-06-20T11:39:07.086-04:00  INFO 34589 --- [seguro] [main] com.netflix.discovery.DiscoveryClient    : Initializing Eureka in region us-east-1
2026-06-20T11:39:07.088-04:00  INFO 34589 --- [seguro] [main] c.n.d.s.r.aws.ConfigClusterResolver      : Resolving eureka endpoints via configuration
2026-06-20T11:39:07.091-04:00  INFO 34589 --- [seguro] [main] com.netflix.discovery.DiscoveryClient    : Disable delta property : false
2026-06-20T11:39:07.091-04:00  INFO 34589 --- [seguro] [main] com.netflix.discovery.DiscoveryClient    : Single vip registry refresh property : null
2026-06-20T11:39:07.091-04:00  INFO 34589 --- [seguro] [main] com.netflix.discovery.DiscoveryClient    : Force full registry fetch : false
2026-06-20T11:39:07.091-04:00  INFO 34589 --- [seguro] [main] com.netflix.discovery.DiscoveryClient    : Application is null : false
2026-06-20T11:39:07.091-04:00  INFO 34589 --- [seguro] [main] com.netflix.discovery.DiscoveryClient    : Registered Applications size is zero : true
2026-06-20T11:39:07.091-04:00  INFO 34589 --- [seguro] [main] com.netflix.discovery.DiscoveryClient    : Application version is -1: true
2026-06-20T11:39:07.091-04:00  INFO 34589 --- [seguro] [main] com.netflix.discovery.DiscoveryClient    : Getting all instance registry info from the eureka server
2026-06-20T11:39:07.245-04:00  INFO 34589 --- [seguro] [main] com.netflix.discovery.DiscoveryClient    : The response status is 200
2026-06-20T11:39:07.245-04:00  INFO 34589 --- [seguro] [main] com.netflix.discovery.DiscoveryClient    : Starting heartbeat executor: renew interval is: 30
2026-06-20T11:39:07.246-04:00  INFO 34589 --- [seguro] [main] c.n.discovery.InstanceInfoReplicator     : InstanceInfoReplicator onDemand update allowed rate per min is 4
2026-06-20T11:39:07.247-04:00  INFO 34589 --- [seguro] [main] com.netflix.discovery.DiscoveryClient    : Discovery Client initialized at timestamp 1781969947246 with initial instances count: 8
2026-06-20T11:39:07.248-04:00  INFO 34589 --- [seguro] [main] o.s.c.n.e.s.EurekaServiceRegistry        : Registering application SEGURO with eureka with status UP
2026-06-20T11:39:07.249-04:00  INFO 34589 --- [seguro] [main] com.netflix.discovery.DiscoveryClient    : Saw local status change event StatusChangeEvent [timestamp=1781969947249, current=UP, previous=STARTING]
2026-06-20T11:39:07.249-04:00  INFO 34589 --- [seguro] [DiscoveryClient-InstanceInfoReplicator-%d] com.netflix.discovery.DiscoveryClient    : DiscoveryClient_SEGURO/192.168.100.152:seguro:8090: registering service...
2026-06-20T11:39:07.259-04:00  INFO 34589 --- [seguro] [main] o.s.boot.tomcat.TomcatWebServer          : Tomcat started on port 8090 (http) with context path '/'
2026-06-20T11:39:07.260-04:00  INFO 34589 --- [seguro] [main] .s.c.n.e.s.EurekaAutoServiceRegistration : Updating port to 8090
2026-06-20T11:39:07.268-04:00  INFO 34589 --- [seguro] [DiscoveryClient-InstanceInfoReplicator-%d] com.netflix.discovery.DiscoveryClient    : DiscoveryClient_SEGURO/192.168.100.152:seguro:8090 - registration status: 204
2026-06-20T11:39:07.270-04:00  INFO 34589 --- [seguro] [main] duoc.seguro.SeguroApplication            : Started SeguroApplication in 2.863 seconds (process running for 3.459)
2026-06-20T11:39:07.396-04:00  INFO 34589 --- [seguro] [RMI TCP Connection(1)-127.0.0.1] o.a.c.c.C.[Tomcat].[localhost].[/]       : Initializing Spring DispatcherServlet 'dispatcherServlet'
2026-06-20T11:44:07.104-04:00  INFO 34589 --- [seguro] [AsyncResolver-bootstrap-executor-%d] c.n.d.s.r.aws.ConfigClusterResolver      : Resolving eureka endpoints via configuration
2026-06-20T11:49:07.112-04:00  INFO 34589 --- [seguro] [AsyncResolver-bootstrap-executor-%d] c.n.d.s.r.aws.ConfigClusterResolver      : Resolving eureka endpoints via configuration
2026-06-20T11:54:07.125-04:00  INFO 34589 --- [seguro] [AsyncResolver-bootstrap-executor-%d] c.n.d.s.r.aws.ConfigClusterResolver      : Resolving eureka endpoints via configuration
2026-06-20T11:59:07.134-04:00  INFO 34589 --- [seguro] [AsyncResolver-bootstrap-executor-%d] c.n.d.s.r.aws.ConfigClusterResolver      : Resolving eureka endpoints via configuration
2026-06-20T12:04:07.140-04:00  INFO 34589 --- [seguro] [AsyncResolver-bootstrap-executor-%d] c.n.d.s.r.aws.ConfigClusterResolver      : Resolving eureka endpoints via configuration
2026-06-20T12:09:07.148-04:00  INFO 34589 --- [seguro] [AsyncResolver-bootstrap-executor-%d] c.n.d.s.r.aws.ConfigClusterResolver      : Resolving eureka endpoints via configuration
2026-06-20T12:14:07.158-04:00  INFO 34589 --- [seguro] [AsyncResolver-bootstrap-executor-%d] c.n.d.s.r.aws.ConfigClusterResolver      : Resolving eureka endpoints via configuration
2026-06-20T12:19:07.156-04:00  INFO 34589 --- [seguro] [AsyncResolver-bootstrap-executor-%d] c.n.d.s.r.aws.ConfigClusterResolver      : Resolving eureka endpoints via configuration
2026-06-20T12:24:07.161-04:00  INFO 34589 --- [seguro] [AsyncResolver-bootstrap-executor-%d] c.n.d.s.r.aws.ConfigClusterResolver      : Resolving eureka endpoints via configuration
2026-06-20T12:29:07.179-04:00  INFO 34589 --- [seguro] [AsyncResolver-bootstrap-executor-%d] c.n.d.s.r.aws.ConfigClusterResolver      : Resolving eureka endpoints via configuration
