2026-06-20T13:29:05.038-04:00  INFO 41718 --- [corredorSeguro] [main] d.c.CorredorSeguroApplication            : Starting CorredorSeguroApplication using Java 21.0.1 with PID 41718 (/Users/moka/Documents/GitHub/Prueba2FullStack1/corredorSeguro/target/classes started by moka in /Users/moka/Documents/GitHub/Prueba2FullStack1)
2026-06-20T13:29:05.039-04:00  INFO 41718 --- [corredorSeguro] [main] d.c.CorredorSeguroApplication            : No active profile set, falling back to 1 default profile: "default"
2026-06-20T13:29:05.320-04:00  INFO 41718 --- [corredorSeguro] [main] .s.d.r.c.RepositoryConfigurationDelegate : Bootstrapping Spring Data JPA repositories in DEFAULT mode.
2026-06-20T13:29:05.373-04:00  INFO 41718 --- [corredorSeguro] [main] .s.d.r.c.RepositoryConfigurationDelegate : Finished Spring Data repository scanning in 50 ms. Found 1 JPA repository interface.
2026-06-20T13:29:05.452-04:00  INFO 41718 --- [corredorSeguro] [main] o.s.cloud.context.scope.GenericScope     : BeanFactory id=a85c56d8-f1dc-3411-b4a1-577f95b64682
2026-06-20T13:29:05.558-04:00  INFO 41718 --- [corredorSeguro] [main] o.s.boot.tomcat.TomcatWebServer          : Tomcat initialized with port 8091 (http)
2026-06-20T13:29:05.562-04:00  INFO 41718 --- [corredorSeguro] [main] o.apache.catalina.core.StandardService   : Starting service [Tomcat]
2026-06-20T13:29:05.563-04:00  INFO 41718 --- [corredorSeguro] [main] o.apache.catalina.core.StandardEngine    : Starting Servlet engine: [Apache Tomcat/11.0.21]
2026-06-20T13:29:05.579-04:00  INFO 41718 --- [corredorSeguro] [main] b.w.c.s.WebApplicationContextInitializer : Root WebApplicationContext: initialization completed in 527 ms
2026-06-20T13:29:05.639-04:00  INFO 41718 --- [corredorSeguro] [main] org.hibernate.orm.jpa                    : HHH008540: Processing PersistenceUnitInfo [name: default]
2026-06-20T13:29:05.660-04:00  INFO 41718 --- [corredorSeguro] [main] org.hibernate.orm.core                   : HHH000001: Hibernate ORM core version 7.2.12.Final
2026-06-20T13:29:05.820-04:00  INFO 41718 --- [corredorSeguro] [main] o.s.o.j.p.SpringPersistenceUnitInfo      : No LoadTimeWeaver setup: ignoring JPA class transformer
2026-06-20T13:29:05.833-04:00  INFO 41718 --- [corredorSeguro] [main] com.zaxxer.hikari.HikariDataSource       : HikariPool-1 - Starting...
2026-06-20T13:29:05.900-04:00  INFO 41718 --- [corredorSeguro] [main] com.zaxxer.hikari.pool.HikariPool        : HikariPool-1 - Added connection conn0: url=jdbc:h2:mem:dv_corredor user=SA
2026-06-20T13:29:05.901-04:00  INFO 41718 --- [corredorSeguro] [main] com.zaxxer.hikari.HikariDataSource       : HikariPool-1 - Start completed.
2026-06-20T13:29:05.923-04:00  INFO 41718 --- [corredorSeguro] [main] org.hibernate.orm.connections.pooling    : HHH10001005: Database info:
	Database JDBC URL [jdbc:h2:mem:dv_corredor]
	Database driver: H2 JDBC Driver
	Database dialect: H2Dialect
	Database version: 2.4.240
	Default catalog/schema: DV_CORREDOR/PUBLIC
	Autocommit mode: undefined/unknown
	Isolation level: READ_COMMITTED [default READ_COMMITTED]
	JDBC fetch size: 100
	Pool: DataSourceConnectionProvider
	Minimum pool size: undefined/unknown
	Maximum pool size: undefined/unknown
2026-06-20T13:29:06.243-04:00  INFO 41718 --- [corredorSeguro] [main] org.hibernate.orm.core                   : HHH000489: No JTA platform available (set 'hibernate.transaction.jta.platform' to enable JTA platform integration)
2026-06-20T13:29:06.256-04:00  INFO 41718 --- [corredorSeguro] [main] j.LocalContainerEntityManagerFactoryBean : Initialized JPA EntityManagerFactory for persistence unit 'default'
2026-06-20T13:29:06.285-04:00  INFO 41718 --- [corredorSeguro] [main] o.s.d.j.r.query.QueryEnhancerFactories   : Hibernate is in classpath; If applicable, HQL parser will be used.
2026-06-20T13:29:06.382-04:00  WARN 41718 --- [corredorSeguro] [main] JpaBaseConfiguration$JpaWebConfiguration : spring.jpa.open-in-view is enabled by default. Therefore, database queries may be performed during view rendering. Explicitly configure spring.jpa.open-in-view to disable this warning
2026-06-20T13:29:06.552-04:00  INFO 41718 --- [corredorSeguro] [main] o.s.b.h.a.H2ConsoleAutoConfiguration     : H2 console available at '/h2-console'. Database available at 'jdbc:h2:mem:dv_corredor'
2026-06-20T13:29:06.605-04:00  INFO 41718 --- [corredorSeguro] [main] DiscoveryClientOptionalArgsConfiguration : Eureka HTTP Client uses RestClient.
2026-06-20T13:29:06.615-04:00  WARN 41718 --- [corredorSeguro] [main] iguration$LoadBalancerCaffeineWarnLogger : Spring Cloud LoadBalancer is currently working with the default cache. While this cache implementation is useful for development and tests, it's recommended to use Caffeine cache in production.You can switch to using Caffeine cache, by adding it and org.springframework.cache.caffeine.CaffeineCacheManager to the classpath.
2026-06-20T13:29:06.632-04:00  INFO 41718 --- [corredorSeguro] [main] o.s.c.n.eureka.InstanceInfoFactory       : Setting initial instance status as: STARTING
2026-06-20T13:29:06.640-04:00  INFO 41718 --- [corredorSeguro] [main] com.netflix.discovery.DiscoveryClient    : Initializing Eureka in region us-east-1
2026-06-20T13:29:06.641-04:00  INFO 41718 --- [corredorSeguro] [main] c.n.d.s.r.aws.ConfigClusterResolver      : Resolving eureka endpoints via configuration
2026-06-20T13:29:06.644-04:00  INFO 41718 --- [corredorSeguro] [main] com.netflix.discovery.DiscoveryClient    : Disable delta property : false
2026-06-20T13:29:06.644-04:00  INFO 41718 --- [corredorSeguro] [main] com.netflix.discovery.DiscoveryClient    : Single vip registry refresh property : null
2026-06-20T13:29:06.644-04:00  INFO 41718 --- [corredorSeguro] [main] com.netflix.discovery.DiscoveryClient    : Force full registry fetch : false
2026-06-20T13:29:06.644-04:00  INFO 41718 --- [corredorSeguro] [main] com.netflix.discovery.DiscoveryClient    : Application is null : false
2026-06-20T13:29:06.644-04:00  INFO 41718 --- [corredorSeguro] [main] com.netflix.discovery.DiscoveryClient    : Registered Applications size is zero : true
2026-06-20T13:29:06.644-04:00  INFO 41718 --- [corredorSeguro] [main] com.netflix.discovery.DiscoveryClient    : Application version is -1: true
2026-06-20T13:29:06.644-04:00  INFO 41718 --- [corredorSeguro] [main] com.netflix.discovery.DiscoveryClient    : Getting all instance registry info from the eureka server
2026-06-20T13:29:06.776-04:00  INFO 41718 --- [corredorSeguro] [main] com.netflix.discovery.DiscoveryClient    : The response status is 200
2026-06-20T13:29:06.777-04:00  INFO 41718 --- [corredorSeguro] [main] com.netflix.discovery.DiscoveryClient    : Starting heartbeat executor: renew interval is: 30
2026-06-20T13:29:06.778-04:00  INFO 41718 --- [corredorSeguro] [main] c.n.discovery.InstanceInfoReplicator     : InstanceInfoReplicator onDemand update allowed rate per min is 4
2026-06-20T13:29:06.778-04:00  INFO 41718 --- [corredorSeguro] [main] com.netflix.discovery.DiscoveryClient    : Discovery Client initialized at timestamp 1781976546778 with initial instances count: 2
2026-06-20T13:29:06.779-04:00  INFO 41718 --- [corredorSeguro] [main] o.s.c.n.e.s.EurekaServiceRegistry        : Registering application CORREDORSEGURO with eureka with status UP
2026-06-20T13:29:06.780-04:00  INFO 41718 --- [corredorSeguro] [main] com.netflix.discovery.DiscoveryClient    : Saw local status change event StatusChangeEvent [timestamp=1781976546780, current=UP, previous=STARTING]
2026-06-20T13:29:06.780-04:00  INFO 41718 --- [corredorSeguro] [DiscoveryClient-InstanceInfoReplicator-%d] com.netflix.discovery.DiscoveryClient    : DiscoveryClient_CORREDORSEGURO/192.168.100.152:corredorSeguro:8091: registering service...
2026-06-20T13:29:06.788-04:00  INFO 41718 --- [corredorSeguro] [main] o.s.boot.tomcat.TomcatWebServer          : Tomcat started on port 8091 (http) with context path '/'
2026-06-20T13:29:06.789-04:00  INFO 41718 --- [corredorSeguro] [main] .s.c.n.e.s.EurekaAutoServiceRegistration : Updating port to 8091
2026-06-20T13:29:06.796-04:00  INFO 41718 --- [corredorSeguro] [main] d.c.CorredorSeguroApplication            : Started CorredorSeguroApplication in 1.916 seconds (process running for 2.221)
2026-06-20T13:29:06.797-04:00  INFO 41718 --- [corredorSeguro] [DiscoveryClient-InstanceInfoReplicator-%d] com.netflix.discovery.DiscoveryClient    : DiscoveryClient_CORREDORSEGURO/192.168.100.152:corredorSeguro:8091 - registration status: 204
2026-06-20T13:34:06.647-04:00  INFO 41718 --- [corredorSeguro] [AsyncResolver-bootstrap-executor-%d] c.n.d.s.r.aws.ConfigClusterResolver      : Resolving eureka endpoints via configuration
2026-06-20T13:39:06.662-04:00  INFO 41718 --- [corredorSeguro] [AsyncResolver-bootstrap-executor-%d] c.n.d.s.r.aws.ConfigClusterResolver      : Resolving eureka endpoints via configuration
2026-06-20T13:44:06.663-04:00  INFO 41718 --- [corredorSeguro] [AsyncResolver-bootstrap-executor-%d] c.n.d.s.r.aws.ConfigClusterResolver      : Resolving eureka endpoints via configuration
2026-06-20T13:49:06.667-04:00  INFO 41718 --- [corredorSeguro] [AsyncResolver-bootstrap-executor-%d] c.n.d.s.r.aws.ConfigClusterResolver      : Resolving eureka endpoints via configuration
2026-06-20T13:54:06.680-04:00  INFO 41718 --- [corredorSeguro] [AsyncResolver-bootstrap-executor-%d] c.n.d.s.r.aws.ConfigClusterResolver      : Resolving eureka endpoints via configuration
