2026-06-20T13:29:25.135-04:00  INFO 41737 --- [personalaseo] [main] d.personalaseo.PersonalaseoApplication   : Starting PersonalaseoApplication using Java 21.0.1 with PID 41737 (/Users/moka/Documents/GitHub/Prueba2FullStack1/personalaseo/target/classes started by moka in /Users/moka/Documents/GitHub/Prueba2FullStack1)
2026-06-20T13:29:25.136-04:00  INFO 41737 --- [personalaseo] [main] d.personalaseo.PersonalaseoApplication   : No active profile set, falling back to 1 default profile: "default"
2026-06-20T13:29:25.437-04:00  INFO 41737 --- [personalaseo] [main] .s.d.r.c.RepositoryConfigurationDelegate : Bootstrapping Spring Data JPA repositories in DEFAULT mode.
2026-06-20T13:29:25.491-04:00  INFO 41737 --- [personalaseo] [main] .s.d.r.c.RepositoryConfigurationDelegate : Finished Spring Data repository scanning in 51 ms. Found 1 JPA repository interface.
2026-06-20T13:29:25.583-04:00  INFO 41737 --- [personalaseo] [main] o.s.cloud.context.scope.GenericScope     : BeanFactory id=6969cbaf-d35b-3d52-a98a-c9c75b4f057b
2026-06-20T13:29:25.698-04:00  INFO 41737 --- [personalaseo] [main] o.s.boot.tomcat.TomcatWebServer          : Tomcat initialized with port 8088 (http)
2026-06-20T13:29:25.703-04:00  INFO 41737 --- [personalaseo] [main] o.apache.catalina.core.StandardService   : Starting service [Tomcat]
2026-06-20T13:29:25.703-04:00  INFO 41737 --- [personalaseo] [main] o.apache.catalina.core.StandardEngine    : Starting Servlet engine: [Apache Tomcat/11.0.21]
2026-06-20T13:29:25.720-04:00  INFO 41737 --- [personalaseo] [main] b.w.c.s.WebApplicationContextInitializer : Root WebApplicationContext: initialization completed in 568 ms
2026-06-20T13:29:25.781-04:00  INFO 41737 --- [personalaseo] [main] org.hibernate.orm.jpa                    : HHH008540: Processing PersistenceUnitInfo [name: default]
2026-06-20T13:29:25.798-04:00  INFO 41737 --- [personalaseo] [main] org.hibernate.orm.core                   : HHH000001: Hibernate ORM core version 7.2.12.Final
2026-06-20T13:29:25.934-04:00  INFO 41737 --- [personalaseo] [main] o.s.o.j.p.SpringPersistenceUnitInfo      : No LoadTimeWeaver setup: ignoring JPA class transformer
2026-06-20T13:29:25.944-04:00  INFO 41737 --- [personalaseo] [main] com.zaxxer.hikari.HikariDataSource       : HikariPool-1 - Starting...
2026-06-20T13:29:26.015-04:00  INFO 41737 --- [personalaseo] [main] com.zaxxer.hikari.pool.HikariPool        : HikariPool-1 - Added connection conn0: url=jdbc:h2:mem:db_personal user=SA
2026-06-20T13:29:26.016-04:00  INFO 41737 --- [personalaseo] [main] com.zaxxer.hikari.HikariDataSource       : HikariPool-1 - Start completed.
2026-06-20T13:29:26.036-04:00  INFO 41737 --- [personalaseo] [main] org.hibernate.orm.connections.pooling    : HHH10001005: Database info:
	Database JDBC URL [jdbc:h2:mem:db_personal]
	Database driver: H2 JDBC Driver
	Database dialect: H2Dialect
	Database version: 2.4.240
	Default catalog/schema: DB_PERSONAL/PUBLIC
	Autocommit mode: undefined/unknown
	Isolation level: READ_COMMITTED [default READ_COMMITTED]
	JDBC fetch size: 100
	Pool: DataSourceConnectionProvider
	Minimum pool size: undefined/unknown
	Maximum pool size: undefined/unknown
2026-06-20T13:29:26.368-04:00  INFO 41737 --- [personalaseo] [main] org.hibernate.orm.core                   : HHH000489: No JTA platform available (set 'hibernate.transaction.jta.platform' to enable JTA platform integration)
2026-06-20T13:29:26.381-04:00  INFO 41737 --- [personalaseo] [main] j.LocalContainerEntityManagerFactoryBean : Initialized JPA EntityManagerFactory for persistence unit 'default'
2026-06-20T13:29:26.410-04:00  INFO 41737 --- [personalaseo] [main] o.s.d.j.r.query.QueryEnhancerFactories   : Hibernate is in classpath; If applicable, HQL parser will be used.
2026-06-20T13:29:26.511-04:00  WARN 41737 --- [personalaseo] [main] JpaBaseConfiguration$JpaWebConfiguration : spring.jpa.open-in-view is enabled by default. Therefore, database queries may be performed during view rendering. Explicitly configure spring.jpa.open-in-view to disable this warning
2026-06-20T13:29:26.564-04:00  WARN 41737 --- [personalaseo] [main] .s.a.UserDetailsServiceAutoConfiguration : 

Using generated security password: 69e38863-3f2c-49e4-8abd-b0f3db28c4a7

This generated password is for development use only. Your security configuration must be updated before running your application in production.

2026-06-20T13:29:26.567-04:00  INFO 41737 --- [personalaseo] [main] r$InitializeUserDetailsManagerConfigurer : Global AuthenticationManager configured with UserDetailsService bean with name inMemoryUserDetailsManager
2026-06-20T13:29:26.758-04:00  INFO 41737 --- [personalaseo] [main] o.s.b.h.a.H2ConsoleAutoConfiguration     : H2 console available at '/h2-console'. Database available at 'jdbc:h2:mem:db_personal'
2026-06-20T13:29:26.814-04:00  INFO 41737 --- [personalaseo] [main] DiscoveryClientOptionalArgsConfiguration : Eureka HTTP Client uses RestClient.
2026-06-20T13:29:26.825-04:00  WARN 41737 --- [personalaseo] [main] iguration$LoadBalancerCaffeineWarnLogger : Spring Cloud LoadBalancer is currently working with the default cache. While this cache implementation is useful for development and tests, it's recommended to use Caffeine cache in production.You can switch to using Caffeine cache, by adding it and org.springframework.cache.caffeine.CaffeineCacheManager to the classpath.
2026-06-20T13:29:26.843-04:00  INFO 41737 --- [personalaseo] [main] o.s.c.n.eureka.InstanceInfoFactory       : Setting initial instance status as: STARTING
2026-06-20T13:29:26.851-04:00  INFO 41737 --- [personalaseo] [main] com.netflix.discovery.DiscoveryClient    : Initializing Eureka in region us-east-1
2026-06-20T13:29:26.852-04:00  INFO 41737 --- [personalaseo] [main] c.n.d.s.r.aws.ConfigClusterResolver      : Resolving eureka endpoints via configuration
2026-06-20T13:29:26.855-04:00  INFO 41737 --- [personalaseo] [main] com.netflix.discovery.DiscoveryClient    : Disable delta property : false
2026-06-20T13:29:26.855-04:00  INFO 41737 --- [personalaseo] [main] com.netflix.discovery.DiscoveryClient    : Single vip registry refresh property : null
2026-06-20T13:29:26.855-04:00  INFO 41737 --- [personalaseo] [main] com.netflix.discovery.DiscoveryClient    : Force full registry fetch : false
2026-06-20T13:29:26.855-04:00  INFO 41737 --- [personalaseo] [main] com.netflix.discovery.DiscoveryClient    : Application is null : false
2026-06-20T13:29:26.855-04:00  INFO 41737 --- [personalaseo] [main] com.netflix.discovery.DiscoveryClient    : Registered Applications size is zero : true
2026-06-20T13:29:26.855-04:00  INFO 41737 --- [personalaseo] [main] com.netflix.discovery.DiscoveryClient    : Application version is -1: true
2026-06-20T13:29:26.855-04:00  INFO 41737 --- [personalaseo] [main] com.netflix.discovery.DiscoveryClient    : Getting all instance registry info from the eureka server
2026-06-20T13:29:26.990-04:00  INFO 41737 --- [personalaseo] [main] com.netflix.discovery.DiscoveryClient    : The response status is 200
2026-06-20T13:29:26.991-04:00  INFO 41737 --- [personalaseo] [main] com.netflix.discovery.DiscoveryClient    : Starting heartbeat executor: renew interval is: 30
2026-06-20T13:29:26.991-04:00  INFO 41737 --- [personalaseo] [main] c.n.discovery.InstanceInfoReplicator     : InstanceInfoReplicator onDemand update allowed rate per min is 4
2026-06-20T13:29:26.992-04:00  INFO 41737 --- [personalaseo] [main] com.netflix.discovery.DiscoveryClient    : Discovery Client initialized at timestamp 1781976566992 with initial instances count: 2
2026-06-20T13:29:26.993-04:00  INFO 41737 --- [personalaseo] [main] o.s.c.n.e.s.EurekaServiceRegistry        : Registering application PERSONALASEO with eureka with status UP
2026-06-20T13:29:26.994-04:00  INFO 41737 --- [personalaseo] [main] com.netflix.discovery.DiscoveryClient    : Saw local status change event StatusChangeEvent [timestamp=1781976566994, current=UP, previous=STARTING]
2026-06-20T13:29:26.994-04:00  INFO 41737 --- [personalaseo] [DiscoveryClient-InstanceInfoReplicator-%d] com.netflix.discovery.DiscoveryClient    : DiscoveryClient_PERSONALASEO/192.168.100.152:personalaseo:8088: registering service...
2026-06-20T13:29:27.002-04:00  INFO 41737 --- [personalaseo] [main] o.s.boot.tomcat.TomcatWebServer          : Tomcat started on port 8088 (http) with context path '/'
2026-06-20T13:29:27.003-04:00  INFO 41737 --- [personalaseo] [main] .s.c.n.e.s.EurekaAutoServiceRegistration : Updating port to 8088
2026-06-20T13:29:27.011-04:00  INFO 41737 --- [personalaseo] [main] d.personalaseo.PersonalaseoApplication   : Started PersonalaseoApplication in 2.034 seconds (process running for 2.33)
2026-06-20T13:29:27.013-04:00  INFO 41737 --- [personalaseo] [DiscoveryClient-InstanceInfoReplicator-%d] com.netflix.discovery.DiscoveryClient    : DiscoveryClient_PERSONALASEO/192.168.100.152:personalaseo:8088 - registration status: 204
2026-06-20T13:34:26.856-04:00  INFO 41737 --- [personalaseo] [AsyncResolver-bootstrap-executor-%d] c.n.d.s.r.aws.ConfigClusterResolver      : Resolving eureka endpoints via configuration
2026-06-20T13:39:26.867-04:00  INFO 41737 --- [personalaseo] [AsyncResolver-bootstrap-executor-%d] c.n.d.s.r.aws.ConfigClusterResolver      : Resolving eureka endpoints via configuration
2026-06-20T13:44:26.871-04:00  INFO 41737 --- [personalaseo] [AsyncResolver-bootstrap-executor-%d] c.n.d.s.r.aws.ConfigClusterResolver      : Resolving eureka endpoints via configuration
2026-06-20T13:48:51.200-04:00  INFO 41737 --- [personalaseo] [http-nio-8088-exec-1] o.a.c.c.C.[Tomcat].[localhost].[/]       : Initializing Spring DispatcherServlet 'dispatcherServlet'
2026-06-20T13:48:51.260-04:00  INFO 41737 --- [personalaseo] [http-nio-8088-exec-1] d.p.service.PersonalAseoService          : Buscando a personal de aseo con id: 10
2026-06-20T13:49:26.875-04:00  INFO 41737 --- [personalaseo] [AsyncResolver-bootstrap-executor-%d] c.n.d.s.r.aws.ConfigClusterResolver      : Resolving eureka endpoints via configuration
2026-06-20T13:54:26.888-04:00  INFO 41737 --- [personalaseo] [AsyncResolver-bootstrap-executor-%d] c.n.d.s.r.aws.ConfigClusterResolver      : Resolving eureka endpoints via configuration
