2026-05-04T11:23:22.235-04:00  INFO 2812 --- [ventas] [main] duoc.ventas.VentasApplication            : Starting VentasApplication using Java 25.0.2 with PID 2812 (C:\Users\paulo\OneDrive\Desktop\FULLES\Prueba2FullStack1\ventas Update\target\classes started by paulo in C:\Users\paulo\OneDrive\Desktop\FULLES\Prueba2FullStack1\ventas Update)
2026-05-04T11:23:22.243-04:00  INFO 2812 --- [ventas] [main] duoc.ventas.VentasApplication            : No active profile set, falling back to 1 default profile: "default"
2026-05-04T11:23:22.789-04:00  INFO 2812 --- [ventas] [main] .s.d.r.c.RepositoryConfigurationDelegate : Bootstrapping Spring Data JPA repositories in DEFAULT mode.
2026-05-04T11:23:22.934-04:00  INFO 2812 --- [ventas] [main] .s.d.r.c.RepositoryConfigurationDelegate : Finished Spring Data repository scanning in 139 ms. Found 1 JPA repository interface.
2026-05-04T11:23:23.388-04:00  INFO 2812 --- [ventas] [main] o.s.boot.tomcat.TomcatWebServer          : Tomcat initialized with port 8083 (http)
2026-05-04T11:23:23.400-04:00  INFO 2812 --- [ventas] [main] o.apache.catalina.core.StandardService   : Starting service [Tomcat]
2026-05-04T11:23:23.401-04:00  INFO 2812 --- [ventas] [main] o.apache.catalina.core.StandardEngine    : Starting Servlet engine: [Apache Tomcat/11.0.21]
2026-05-04T11:23:23.461-04:00  INFO 2812 --- [ventas] [main] b.w.c.s.WebApplicationContextInitializer : Root WebApplicationContext: initialization completed in 1173 ms
2026-05-04T11:23:23.573-04:00  INFO 2812 --- [ventas] [main] org.hibernate.orm.jpa                    : HHH008540: Processing PersistenceUnitInfo [name: default]
2026-05-04T11:23:23.606-04:00  INFO 2812 --- [ventas] [main] org.hibernate.orm.core                   : HHH000001: Hibernate ORM core version 7.2.12.Final
2026-05-04T11:23:23.938-04:00  INFO 2812 --- [ventas] [main] o.s.o.j.p.SpringPersistenceUnitInfo      : No LoadTimeWeaver setup: ignoring JPA class transformer
2026-05-04T11:23:23.960-04:00  INFO 2812 --- [ventas] [main] com.zaxxer.hikari.HikariDataSource       : HikariPool-1 - Starting...
2026-05-04T11:23:24.226-04:00  INFO 2812 --- [ventas] [main] com.zaxxer.hikari.pool.HikariPool        : HikariPool-1 - Added connection com.mysql.cj.jdbc.ConnectionImpl@34bddf43
2026-05-04T11:23:24.228-04:00  INFO 2812 --- [ventas] [main] com.zaxxer.hikari.HikariDataSource       : HikariPool-1 - Start completed.
2026-05-04T11:23:24.335-04:00  INFO 2812 --- [ventas] [main] org.hibernate.orm.connections.pooling    : HHH10001005: Database info:
	Database JDBC URL [jdbc:mysql://localhost:3306/db_venta]
	Database driver: MySQL Connector/J
	Database dialect: MySQLDialect
	Database version: 8.4.3
	Default catalog/schema: db_venta/undefined
	Autocommit mode: undefined/unknown
	Isolation level: REPEATABLE_READ [default REPEATABLE_READ]
	JDBC fetch size: none
	Pool: DataSourceConnectionProvider
	Minimum pool size: undefined/unknown
	Maximum pool size: undefined/unknown
2026-05-04T11:23:25.540-04:00  INFO 2812 --- [ventas] [main] org.hibernate.orm.core                   : HHH000489: No JTA platform available (set 'hibernate.transaction.jta.platform' to enable JTA platform integration)
2026-05-04T11:23:25.650-04:00  INFO 2812 --- [ventas] [main] j.LocalContainerEntityManagerFactoryBean : Initialized JPA EntityManagerFactory for persistence unit 'default'
2026-05-04T11:23:26.030-04:00  INFO 2812 --- [ventas] [main] o.s.d.j.r.query.QueryEnhancerFactories   : Hibernate is in classpath; If applicable, HQL parser will be used.
2026-05-04T11:23:26.851-04:00  INFO 2812 --- [ventas] [main] o.s.boot.tomcat.TomcatWebServer          : Tomcat started on port 8083 (http) with context path '/'
2026-05-04T11:23:26.859-04:00  INFO 2812 --- [ventas] [main] duoc.ventas.VentasApplication            : Started VentasApplication in 5.08 seconds (process running for 5.582)
