2026-07-01T11:36:59.769-04:00  INFO 38512 --- [cliente] [main] duoc.cliente.ClienteApplication          : Starting ClienteApplication using Java 25.0.2 with PID 38512 (/Users/moka/Documents/GitHub/Prueba2FullStack1/cliente/target/classes started by moka in /Users/moka/Documents/GitHub/Prueba2FullStack1/cliente)
2026-07-01T11:36:59.771-04:00  INFO 38512 --- [cliente] [main] duoc.cliente.ClienteApplication          : The following 1 profile is active: "default"
2026-07-01T11:37:00.153-04:00  INFO 38512 --- [cliente] [main] .s.d.r.c.RepositoryConfigurationDelegate : Bootstrapping Spring Data JPA repositories in DEFAULT mode.
2026-07-01T11:37:00.208-04:00  INFO 38512 --- [cliente] [main] .s.d.r.c.RepositoryConfigurationDelegate : Finished Spring Data repository scanning in 52 ms. Found 1 JPA repository interface.
2026-07-01T11:37:00.328-04:00  INFO 38512 --- [cliente] [main] o.s.cloud.context.scope.GenericScope     : BeanFactory id=f7ed17bb-3e54-32d0-8e6a-69bdbff390f8
2026-07-01T11:37:00.450-04:00  INFO 38512 --- [cliente] [main] o.s.boot.tomcat.TomcatWebServer          : Tomcat initialized with port 8082 (http)
2026-07-01T11:37:00.456-04:00  INFO 38512 --- [cliente] [main] o.apache.catalina.core.StandardService   : Starting service [Tomcat]
2026-07-01T11:37:00.457-04:00  INFO 38512 --- [cliente] [main] o.apache.catalina.core.StandardEngine    : Starting Servlet engine: [Apache Tomcat/11.0.21]
2026-07-01T11:37:00.481-04:00  INFO 38512 --- [cliente] [main] b.w.c.s.WebApplicationContextInitializer : Root WebApplicationContext: initialization completed in 689 ms
2026-07-01T11:37:00.585-04:00  INFO 38512 --- [cliente] [main] org.hibernate.orm.jpa                    : HHH008540: Processing PersistenceUnitInfo [name: default]
2026-07-01T11:37:00.606-04:00  INFO 38512 --- [cliente] [main] org.hibernate.orm.core                   : HHH000001: Hibernate ORM core version 7.2.12.Final
2026-07-01T11:37:00.748-04:00  INFO 38512 --- [cliente] [main] o.s.o.j.p.SpringPersistenceUnitInfo      : No LoadTimeWeaver setup: ignoring JPA class transformer
2026-07-01T11:37:00.759-04:00  INFO 38512 --- [cliente] [main] com.zaxxer.hikari.HikariDataSource       : HikariPool-1 - Starting...
2026-07-01T11:37:02.803-04:00  INFO 38512 --- [cliente] [main] com.zaxxer.hikari.pool.HikariPool        : HikariPool-1 - Added connection com.mysql.cj.jdbc.ConnectionImpl@3c468360
2026-07-01T11:37:02.806-04:00  INFO 38512 --- [cliente] [main] com.zaxxer.hikari.HikariDataSource       : HikariPool-1 - Start completed.
2026-07-01T11:37:03.458-04:00  INFO 38512 --- [cliente] [main] org.hibernate.orm.connections.pooling    : HHH10001005: Database info:
	Database JDBC URL [jdbc:mysql://automotoraduoc2026-duocautomotora2026.d.aivencloud.com:13319/clientes?sslmode=REQUIRED]
	Database driver: MySQL Connector/J
	Database dialect: MySQLDialect
	Database version: 8.4.8
	Default catalog/schema: clientes/undefined
	Autocommit mode: undefined/unknown
	Isolation level: REPEATABLE_READ [default REPEATABLE_READ]
	JDBC fetch size: none
	Pool: DataSourceConnectionProvider
	Minimum pool size: undefined/unknown
	Maximum pool size: undefined/unknown
2026-07-01T11:37:03.736-04:00  INFO 38512 --- [cliente] [main] org.hibernate.orm.core                   : HHH000489: No JTA platform available (set 'hibernate.transaction.jta.platform' to enable JTA platform integration)
2026-07-01T11:37:05.119-04:00  INFO 38512 --- [cliente] [main] j.LocalContainerEntityManagerFactoryBean : Initialized JPA EntityManagerFactory for persistence unit 'default'
2026-07-01T11:37:05.173-04:00  INFO 38512 --- [cliente] [main] o.s.d.j.r.query.QueryEnhancerFactories   : Hibernate is in classpath; If applicable, HQL parser will be used.
2026-07-01T11:37:05.314-04:00  WARN 38512 --- [cliente] [main] JpaBaseConfiguration$JpaWebConfiguration : spring.jpa.open-in-view is enabled by default. Therefore, database queries may be performed during view rendering. Explicitly configure spring.jpa.open-in-view to disable this warning
2026-07-01T11:37:05.361-04:00  WARN 38512 --- [cliente] [main] .s.a.UserDetailsServiceAutoConfiguration : 

Using generated security password: 963b84a5-82a1-41d0-9739-459887d934a2

This generated password is for development use only. Your security configuration must be updated before running your application in production.

2026-07-01T11:37:05.364-04:00  INFO 38512 --- [cliente] [main] r$InitializeUserDetailsManagerConfigurer : Global AuthenticationManager configured with UserDetailsService bean with name inMemoryUserDetailsManager
2026-07-01T11:37:05.615-04:00  INFO 38512 --- [cliente] [main] DiscoveryClientOptionalArgsConfiguration : Eureka HTTP Client uses RestClient.
2026-07-01T11:37:05.628-04:00  WARN 38512 --- [cliente] [main] iguration$LoadBalancerCaffeineWarnLogger : Spring Cloud LoadBalancer is currently working with the default cache. While this cache implementation is useful for development and tests, it's recommended to use Caffeine cache in production.You can switch to using Caffeine cache, by adding it and org.springframework.cache.caffeine.CaffeineCacheManager to the classpath.
2026-07-01T11:37:05.629-04:00  INFO 38512 --- [cliente] [main] o.s.b.a.e.web.EndpointLinksResolver      : Exposing 1 endpoint beneath base path '/actuator'
2026-07-01T11:37:05.665-04:00  INFO 38512 --- [cliente] [main] o.s.boot.tomcat.TomcatWebServer          : Tomcat started on port 8082 (http) with context path '/'
2026-07-01T11:37:05.678-04:00  INFO 38512 --- [cliente] [main] duoc.cliente.ClienteApplication          : Started ClienteApplication in 6.169 seconds (process running for 6.389)
2026-07-01T11:37:42.042-04:00  INFO 38512 --- [cliente] [http-nio-8082-exec-1] o.a.c.c.C.[Tomcat].[localhost].[/]       : Initializing Spring DispatcherServlet 'dispatcherServlet'
2026-07-01T11:37:42.327-04:00  INFO 38512 --- [cliente] [http-nio-8082-exec-10] o.springdoc.api.AbstractOpenApiResource  : Init duration for springdoc-openapi is: 108 ms
2026-07-01T11:37:50.347-04:00  INFO 38512 --- [cliente] [http-nio-8082-exec-1] duoc.cliente.service.ClienteService      : Buscando cliente con id: 12
2026-07-01T11:37:50.856-04:00  WARN 38512 --- [cliente] [http-nio-8082-exec-1] d.cliente.dto.GlobalExceptionHandler     : No se encontro el cliente con id: 12 en la ruta /api/v1/clientes/12
2026-07-01T11:37:57.745-04:00  INFO 38512 --- [cliente] [http-nio-8082-exec-2] duoc.cliente.service.ClienteService      : Buscando cliente con id: 10
2026-07-01T11:38:49.402-04:00  INFO 38512 --- [cliente] [SpringApplicationShutdownHook] o.s.boot.tomcat.GracefulShutdown         : Commencing graceful shutdown. Waiting for active requests to complete
2026-07-01T11:38:49.405-04:00  INFO 38512 --- [cliente] [tomcat-shutdown] o.s.boot.tomcat.GracefulShutdown         : Graceful shutdown complete
2026-07-01T11:38:49.423-04:00  INFO 38512 --- [cliente] [SpringApplicationShutdownHook] j.LocalContainerEntityManagerFactoryBean : Closing JPA EntityManagerFactory for persistence unit 'default'
2026-07-01T11:38:49.424-04:00  INFO 38512 --- [cliente] [SpringApplicationShutdownHook] com.zaxxer.hikari.HikariDataSource       : HikariPool-1 - Shutdown initiated...
2026-07-01T11:38:49.583-04:00  INFO 38512 --- [cliente] [SpringApplicationShutdownHook] com.zaxxer.hikari.HikariDataSource       : HikariPool-1 - Shutdown completed.
