2026-05-03T03:58:43.304-04:00  INFO 8140 --- [mecanicos] [main] duoc.mecanicos.MecanicosApplication      : Starting MecanicosApplication using Java 21.0.10 with PID 8140 (D:\Carpetas Inicio\Donwloads\A1 Prueba Fullstack\EV2\mecanicos\target\classes started by Benjamin in D:\Carpetas Inicio\Donwloads\A1 Prueba Fullstack\EV2\mecanicos)
2026-05-03T03:58:43.306-04:00  INFO 8140 --- [mecanicos] [main] duoc.mecanicos.MecanicosApplication      : No active profile set, falling back to 1 default profile: "default"
2026-05-03T03:58:43.674-04:00  INFO 8140 --- [mecanicos] [main] .s.d.r.c.RepositoryConfigurationDelegate : Bootstrapping Spring Data JPA repositories in DEFAULT mode.
2026-05-03T03:58:43.703-04:00  INFO 8140 --- [mecanicos] [main] .s.d.r.c.RepositoryConfigurationDelegate : Finished Spring Data repository scanning in 24 ms. Found 1 JPA repository interface.
2026-05-03T03:58:43.973-04:00  INFO 8140 --- [mecanicos] [main] o.s.boot.tomcat.TomcatWebServer          : Tomcat initialized with port 8084 (http)
2026-05-03T03:58:43.981-04:00  INFO 8140 --- [mecanicos] [main] o.apache.catalina.core.StandardService   : Starting service [Tomcat]
2026-05-03T03:58:43.981-04:00  INFO 8140 --- [mecanicos] [main] o.apache.catalina.core.StandardEngine    : Starting Servlet engine: [Apache Tomcat/11.0.21]
2026-05-03T03:58:44.008-04:00  INFO 8140 --- [mecanicos] [main] b.w.c.s.WebApplicationContextInitializer : Root WebApplicationContext: initialization completed in 677 ms
2026-05-03T03:58:44.111-04:00  INFO 8140 --- [mecanicos] [main] org.hibernate.orm.jpa                    : HHH008540: Processing PersistenceUnitInfo [name: default]
2026-05-03T03:58:44.159-04:00  INFO 8140 --- [mecanicos] [main] org.hibernate.orm.core                   : HHH000001: Hibernate ORM core version 7.2.12.Final
2026-05-03T03:58:44.449-04:00  INFO 8140 --- [mecanicos] [main] o.s.o.j.p.SpringPersistenceUnitInfo      : No LoadTimeWeaver setup: ignoring JPA class transformer
2026-05-03T03:58:44.470-04:00  INFO 8140 --- [mecanicos] [main] com.zaxxer.hikari.HikariDataSource       : HikariPool-1 - Starting...
2026-05-03T03:58:44.694-04:00  INFO 8140 --- [mecanicos] [main] com.zaxxer.hikari.pool.HikariPool        : HikariPool-1 - Added connection com.mysql.cj.jdbc.ConnectionImpl@32e7b78d
2026-05-03T03:58:44.695-04:00  INFO 8140 --- [mecanicos] [main] com.zaxxer.hikari.HikariDataSource       : HikariPool-1 - Start completed.
2026-05-03T03:58:44.749-04:00  INFO 8140 --- [mecanicos] [main] org.hibernate.orm.connections.pooling    : HHH10001005: Database info:
	Database JDBC URL [jdbc:mysql://localhost:3306/db_mecanicos]
	Database driver: MySQL Connector/J
	Database dialect: MySQLDialect
	Database version: 8.4.3
	Default catalog/schema: db_mecanicos/undefined
	Autocommit mode: undefined/unknown
	Isolation level: REPEATABLE_READ [default REPEATABLE_READ]
	JDBC fetch size: none
	Pool: DataSourceConnectionProvider
	Minimum pool size: undefined/unknown
	Maximum pool size: undefined/unknown
2026-05-03T03:58:45.345-04:00  INFO 8140 --- [mecanicos] [main] org.hibernate.orm.core                   : HHH000489: No JTA platform available (set 'hibernate.transaction.jta.platform' to enable JTA platform integration)
2026-05-03T03:58:45.458-04:00  INFO 8140 --- [mecanicos] [main] j.LocalContainerEntityManagerFactoryBean : Initialized JPA EntityManagerFactory for persistence unit 'default'
2026-05-03T03:58:45.502-04:00  INFO 8140 --- [mecanicos] [main] o.s.d.j.r.query.QueryEnhancerFactories   : Hibernate is in classpath; If applicable, HQL parser will be used.
2026-05-03T03:58:45.651-04:00  WARN 8140 --- [mecanicos] [main] JpaBaseConfiguration$JpaWebConfiguration : spring.jpa.open-in-view is enabled by default. Therefore, database queries may be performed during view rendering. Explicitly configure spring.jpa.open-in-view to disable this warning
2026-05-03T03:58:45.687-04:00  WARN 8140 --- [mecanicos] [main] .s.a.UserDetailsServiceAutoConfiguration : 

Using generated security password: 77079efa-ccf8-4bfa-beed-c527fcb768d6

This generated password is for development use only. Your security configuration must be updated before running your application in production.

2026-05-03T03:58:45.693-04:00  INFO 8140 --- [mecanicos] [main] r$InitializeUserDetailsManagerConfigurer : Global AuthenticationManager configured with UserDetailsService bean with name inMemoryUserDetailsManager
2026-05-03T03:58:45.944-04:00  INFO 8140 --- [mecanicos] [main] o.s.boot.tomcat.TomcatWebServer          : Tomcat started on port 8084 (http) with context path '/'
2026-05-03T03:58:45.947-04:00  INFO 8140 --- [mecanicos] [main] duoc.mecanicos.MecanicosApplication      : Started MecanicosApplication in 2.923 seconds (process running for 3.767)
2026-05-03T03:59:16.175-04:00  INFO 8140 --- [mecanicos] [SpringApplicationShutdownHook] o.s.boot.tomcat.GracefulShutdown         : Commencing graceful shutdown. Waiting for active requests to complete
2026-05-03T03:59:16.180-04:00  INFO 8140 --- [mecanicos] [tomcat-shutdown] o.s.boot.tomcat.GracefulShutdown         : Graceful shutdown complete
2026-05-03T03:59:16.182-04:00  INFO 8140 --- [mecanicos] [SpringApplicationShutdownHook] j.LocalContainerEntityManagerFactoryBean : Closing JPA EntityManagerFactory for persistence unit 'default'
2026-05-03T03:59:16.183-04:00  INFO 8140 --- [mecanicos] [SpringApplicationShutdownHook] com.zaxxer.hikari.HikariDataSource       : HikariPool-1 - Shutdown initiated...
2026-05-03T03:59:16.186-04:00  INFO 8140 --- [mecanicos] [SpringApplicationShutdownHook] com.zaxxer.hikari.HikariDataSource       : HikariPool-1 - Shutdown completed.
